javac : src\ban_dien_thoai_nhiem_vu\c
ontroller\GuiEmail.java:5: error: 
package javax.mail does not exist
At line:1 char:1
+ javac -cp "src;lib/*" src/ban_dien_
thoai_nhiem_vu/view/*.java src/ban 
...
+ ~~~~~~~~~~~~~~~~~~~~~~~~~~~~~~~~~~~
~~~~~~~~~~~~~~~~~~~~~~~~~~~~~~~~~~
    + CategoryInfo          : 
NotSpecified    : 
(src\ban_dien_th... does not exist:S 
   tring) [], RemoteException
    + FullyQualifiedErrorId : 
NativeComman    dError
 
import javax.mail.*;
            ^
src\ban_dien_thoai_nhiem_vu\controlle
r\GuiEmail.java:6: error: package 
javax.mail.internet does not exist
import javax.mail.internet.*;
                 ^
src\ban_dien_thoai_nhiem_vu\controlle
r\XuatHoaDonPDF.java:127: error: 
cannot find symbol
    private void 
addCellHeader(PdfPTable table, 
String name, Font font) {
                               ^
  symbol:   class PdfPTable
  location: class XuatHoaDonPDF
src\ban_dien_thoai_nhiem_vu\controlle
r\XuatHoaDonPDF.java:127: error: 
cannot find symbol
    private void 
addCellHeader(PdfPTable table, 
String name, Font font) {
                                     
                        ^
  symbol:   class Font
  location: class XuatHoaDonPDF
src\ban_dien_thoai_nhiem_vu\controlle
r\XuatHoaDonPDF.java:4: error: 
package com.itextpdf.text does not 
exist
import com.itextpdf.text.*;
                   ^
src\ban_dien_thoai_nhiem_vu\controlle
r\XuatHoaDonPDF.java:5: error: 
package com.itextpdf.text.pdf does 
not exist
import com.itextpdf.text.pdf.*;
                        ^
src\ban_dien_thoai_nhiem_vu\view\Main
Frame.java:350: error: package 
com.formdev.flatlaf.themes does not 
exist
                
UIManager.setLookAndFeel(new com.form
dev.flatlaf.themes.FlatMacLightLaf())
;
                                     
                                  ^
src\ban_dien_thoai_nhiem_vu\view\Main
Frame.java:354: error: package 
com.formdev.flatlaf.themes does not 
exist
                
UIManager.setLookAndFeel(new com.form
dev.flatlaf.themes.FlatMacDarkLaf());
                                     
                                  ^
src\ban_dien_thoai_nhiem_vu\view\Main
Frame.java:360: error: package 
com.formdev.flatlaf does not exist
            com.formdev.flatlaf.FlatL
af.updateUI();
                               ^
src\ban_dien_thoai_nhiem_vu\controlle
r\GuiEmail.java:26: error: cannot 
find symbol
        Session session = 
Session.getInstance(props, new 
Authenticator() {
        ^
  symbol:   class Session
  location: class GuiEmail
src\ban_dien_thoai_nhiem_vu\controlle
r\GuiEmail.java:26: error: cannot 
find symbol
        Session session = 
Session.getInstance(props, new 
Authenticator() {
                                     
                    ^
  symbol:   class Authenticator
  location: class GuiEmail
src\ban_dien_thoai_nhiem_vu\controlle
r\GuiEmail.java:28: error: cannot 
find symbol
            protected 
PasswordAuthentication 
getPasswordAuthentication() {
                      ^
  symbol: class 
PasswordAuthentication
src\ban_dien_thoai_nhiem_vu\controlle
r\GuiEmail.java:27: error: method 
does not override or implement a 
method from a supertype
            @Override
            ^
src\ban_dien_thoai_nhiem_vu\controlle
r\GuiEmail.java:29: error: cannot 
find symbol
                return new 
PasswordAuthentication(EMAIL_GUI, 
MAT_KHAU_UNG_DUNG);
                           ^
  symbol: class 
PasswordAuthentication
src\ban_dien_thoai_nhiem_vu\controlle
r\GuiEmail.java:26: error: cannot 
find symbol
        Session session = 
Session.getInstance(props, new 
Authenticator() {
                          ^
  symbol:   variable Session
  location: class GuiEmail
src\ban_dien_thoai_nhiem_vu\controlle
r\GuiEmail.java:35: error: cannot 
find symbol
            Message message = new 
MimeMessage(session);
            ^
  symbol:   class Message
  location: class GuiEmail
src\ban_dien_thoai_nhiem_vu\controlle
r\GuiEmail.java:35: error: cannot 
find symbol
            Message message = new 
MimeMessage(session);
                                  ^
  symbol:   class MimeMessage
  location: class GuiEmail
src\ban_dien_thoai_nhiem_vu\controlle
r\GuiEmail.java:36: error: cannot 
find symbol
            message.setFrom(new 
InternetAddress(EMAIL_GUI));
                                ^
  symbol:   class InternetAddress
  location: class GuiEmail
src\ban_dien_thoai_nhiem_vu\controlle
r\GuiEmail.java:37: error: package 
Message does not exist
            message.setRecipients(Mes
sage.RecipientType.TO, 
InternetAddress.parse(emailNhan));
                                     
    ^
src\ban_dien_thoai_nhiem_vu\controlle
r\GuiEmail.java:37: error: cannot 
find symbol
            message.setRecipients(Mes
sage.RecipientType.TO, 
InternetAddress.parse(emailNhan));
                                     
                       ^
  symbol:   variable InternetAddress
  location: class GuiEmail
src\ban_dien_thoai_nhiem_vu\controlle
r\GuiEmail.java:42: error: cannot 
find symbol
            Transport.send(message);
            ^
  symbol:   variable Transport
  location: class GuiEmail
src\ban_dien_thoai_nhiem_vu\controlle
r\GuiEmail.java:46: error: cannot 
find symbol
        } catch (MessagingException 
e) {
                 ^
  symbol:   class MessagingException
  location: class GuiEmail
src\ban_dien_thoai_nhiem_vu\controlle
r\GuiEmail.java:59: error: cannot 
find symbol
        Session session = 
Session.getInstance(props, new 
Authenticator() {
        ^
  symbol:   class Session
  location: class GuiEmail
src\ban_dien_thoai_nhiem_vu\controlle
r\GuiEmail.java:59: error: cannot 
find symbol
        Session session = 
Session.getInstance(props, new 
Authenticator() {
                                     
                    ^
  symbol:   class Authenticator
  location: class GuiEmail
src\ban_dien_thoai_nhiem_vu\controlle
r\GuiEmail.java:61: error: cannot 
find symbol
            protected 
PasswordAuthentication 
getPasswordAuthentication() {
                      ^
  symbol: class 
PasswordAuthentication
src\ban_dien_thoai_nhiem_vu\controlle
r\GuiEmail.java:60: error: method 
does not override or implement a 
method from a supertype
            @Override
            ^
src\ban_dien_thoai_nhiem_vu\controlle
r\GuiEmail.java:62: error: cannot 
find symbol
                return new 
PasswordAuthentication(EMAIL_GUI, 
MAT_KHAU_UNG_DUNG);
                           ^
  symbol: class 
PasswordAuthentication
src\ban_dien_thoai_nhiem_vu\controlle
r\GuiEmail.java:59: error: cannot 
find symbol
        Session session = 
Session.getInstance(props, new 
Authenticator() {
                          ^
  symbol:   variable Session
  location: class GuiEmail
src\ban_dien_thoai_nhiem_vu\controlle
r\GuiEmail.java:67: error: cannot 
find symbol
            Message message = new 
MimeMessage(session);
            ^
  symbol:   class Message
  location: class GuiEmail
src\ban_dien_thoai_nhiem_vu\controlle
r\GuiEmail.java:67: error: cannot 
find symbol
            Message message = new 
MimeMessage(session);
                                  ^
  symbol:   class MimeMessage
  location: class GuiEmail
src\ban_dien_thoai_nhiem_vu\controlle
r\GuiEmail.java:68: error: cannot 
find symbol
            message.setFrom(new 
InternetAddress(EMAIL_GUI, "PNC 
MOBILE STORE")); // Hi?n tΩn Shop 
cho ??p
                                ^
  symbol:   class InternetAddress
  location: class GuiEmail
src\ban_dien_thoai_nhiem_vu\controlle
r\GuiEmail.java:69: error: package 
Message does not exist
            message.setRecipients(Mes
sage.RecipientType.TO, 
InternetAddress.parse(emailNhan));
                                     
    ^
src\ban_dien_thoai_nhiem_vu\controlle
r\GuiEmail.java:69: error: cannot 
find symbol
            message.setRecipients(Mes
sage.RecipientType.TO, 
InternetAddress.parse(emailNhan));
                                     
                       ^
  symbol:   variable InternetAddress
  location: class GuiEmail
src\ban_dien_thoai_nhiem_vu\controlle
r\GuiEmail.java:75: error: cannot 
find symbol
            Transport.send(message);
            ^
  symbol:   variable Transport
  location: class GuiEmail
src\ban_dien_thoai_nhiem_vu\controlle
r\XuatHoaDonPDF.java:20: error: 
cannot find symbol
            Document document = new 
Document(PageSize.A5); // Kh? gi?y 
A5 (nh? g?n cho h≤a ??n)
            ^
  symbol:   class Document
  location: class XuatHoaDonPDF
src\ban_dien_thoai_nhiem_vu\controlle
r\XuatHoaDonPDF.java:20: error: 
cannot find symbol
            Document document = new 
Document(PageSize.A5); // Kh? gi?y 
A5 (nh? g?n cho h≤a ??n)
                                    ^
  symbol:   class Document
  location: class XuatHoaDonPDF
src\ban_dien_thoai_nhiem_vu\controlle
r\XuatHoaDonPDF.java:20: error: 
cannot find symbol
            Document document = new 
Document(PageSize.A5); // Kh? gi?y 
A5 (nh? g?n cho h≤a ??n)
                                     
        ^
  symbol:   variable PageSize
  location: class XuatHoaDonPDF
src\ban_dien_thoai_nhiem_vu\controlle
r\XuatHoaDonPDF.java:21: error: 
cannot find symbol
            
PdfWriter.getInstance(document, new 
FileOutputStream(path));
            ^
  symbol:   variable PdfWriter
  location: class XuatHoaDonPDF
src\ban_dien_thoai_nhiem_vu\controlle
r\XuatHoaDonPDF.java:25: error: 
cannot find symbol
            BaseFont bf = BaseFont.cr
eateFont("C:\\Windows\\Fonts\\arial.t
tf", BaseFont.IDENTITY_H, 
BaseFont.EMBEDDED);
            ^
  symbol:   class BaseFont
  location: class XuatHoaDonPDF
src\ban_dien_thoai_nhiem_vu\controlle
r\XuatHoaDonPDF.java:25: error: 
cannot find symbol
            BaseFont bf = BaseFont.cr
eateFont("C:\\Windows\\Fonts\\arial.t
tf", BaseFont.IDENTITY_H, 
BaseFont.EMBEDDED);
                                     
                                     
     ^
  symbol:   variable BaseFont
  location: class XuatHoaDonPDF
src\ban_dien_thoai_nhiem_vu\controlle
r\XuatHoaDonPDF.java:25: error: 
cannot find symbol
            BaseFont bf = BaseFont.cr
eateFont("C:\\Windows\\Fonts\\arial.t
tf", BaseFont.IDENTITY_H, 
BaseFont.EMBEDDED);
                                     
                                     
                          ^
  symbol:   variable BaseFont
  location: class XuatHoaDonPDF
src\ban_dien_thoai_nhiem_vu\controlle
r\XuatHoaDonPDF.java:25: error: 
cannot find symbol
            BaseFont bf = BaseFont.cr
eateFont("C:\\Windows\\Fonts\\arial.t
tf", BaseFont.IDENTITY_H, 
BaseFont.EMBEDDED);
                          ^
  symbol:   variable BaseFont
  location: class XuatHoaDonPDF
src\ban_dien_thoai_nhiem_vu\controlle
r\XuatHoaDonPDF.java:26: error: 
cannot find symbol
            Font fontTieuDe = new 
Font(bf, 16, Font.BOLD);
            ^
  symbol:   class Font
  location: class XuatHoaDonPDF
src\ban_dien_thoai_nhiem_vu\controlle
r\XuatHoaDonPDF.java:26: error: 
cannot find symbol
            Font fontTieuDe = new 
Font(bf, 16, Font.BOLD);
                                  ^
  symbol:   class Font
  location: class XuatHoaDonPDF
src\ban_dien_thoai_nhiem_vu\controlle
r\XuatHoaDonPDF.java:26: error: 
cannot find symbol
            Font fontTieuDe = new 
Font(bf, 16, Font.BOLD);
                                     
          ^
  symbol:   variable Font
  location: class XuatHoaDonPDF
src\ban_dien_thoai_nhiem_vu\controlle
r\XuatHoaDonPDF.java:27: error: 
cannot find symbol
            Font fontThuong = new 
Font(bf, 10, Font.NORMAL);
            ^
  symbol:   class Font
  location: class XuatHoaDonPDF
src\ban_dien_thoai_nhiem_vu\controlle
r\XuatHoaDonPDF.java:27: error: 
cannot find symbol
            Font fontThuong = new 
Font(bf, 10, Font.NORMAL);
                                  ^
  symbol:   class Font
  location: class XuatHoaDonPDF
src\ban_dien_thoai_nhiem_vu\controlle
r\XuatHoaDonPDF.java:27: error: 
cannot find symbol
            Font fontThuong = new 
Font(bf, 10, Font.NORMAL);
                                     
          ^
  symbol:   variable Font
  location: class XuatHoaDonPDF
src\ban_dien_thoai_nhiem_vu\controlle
r\XuatHoaDonPDF.java:28: error: 
cannot find symbol
            Font fontDam = new 
Font(bf, 10, Font.BOLD);
            ^
  symbol:   class Font
  location: class XuatHoaDonPDF
src\ban_dien_thoai_nhiem_vu\controlle
r\XuatHoaDonPDF.java:28: error: 
cannot find symbol
            Font fontDam = new 
Font(bf, 10, Font.BOLD);
                               ^
  symbol:   class Font
  location: class XuatHoaDonPDF
src\ban_dien_thoai_nhiem_vu\controlle
r\XuatHoaDonPDF.java:28: error: 
cannot find symbol
            Font fontDam = new 
Font(bf, 10, Font.BOLD);
                                     
       ^
  symbol:   variable Font
  location: class XuatHoaDonPDF
src\ban_dien_thoai_nhiem_vu\controlle
r\XuatHoaDonPDF.java:39: error: 
cannot find symbol
                Paragraph title = 
new Paragraph("PNC MOBILE STORE", 
fontTieuDe);
                ^
  symbol:   class Paragraph
  location: class XuatHoaDonPDF
src\ban_dien_thoai_nhiem_vu\controlle
r\XuatHoaDonPDF.java:39: error: 
cannot find symbol
                Paragraph title = 
new Paragraph("PNC MOBILE STORE", 
fontTieuDe);
                                     
 ^
  symbol:   class Paragraph
  location: class XuatHoaDonPDF
src\ban_dien_thoai_nhiem_vu\controlle
r\XuatHoaDonPDF.java:40: error: 
cannot find symbol
                title.setAlignment(El
ement.ALIGN_CENTER);
                                   ^
  symbol:   variable Element
  location: class XuatHoaDonPDF
src\ban_dien_thoai_nhiem_vu\controlle
r\XuatHoaDonPDF.java:43: error: 
cannot find symbol
                Paragraph address = 
new Paragraph("?C: 123 ???ng ABC, 
TP.HCM - Hotline: 0909.123.456", 
fontThuong);
                ^
  symbol:   class Paragraph
  location: class XuatHoaDonPDF
src\ban_dien_thoai_nhiem_vu\controlle
r\XuatHoaDonPDF.java:43: error: 
cannot find symbol
                Paragraph address = 
new Paragraph("?C: 123 ???ng ABC, 
TP.HCM - Hotline: 0909.123.456", 
fontThuong);
                                     
   ^
  symbol:   class Paragraph
  location: class XuatHoaDonPDF
src\ban_dien_thoai_nhiem_vu\controlle
r\XuatHoaDonPDF.java:44: error: 
cannot find symbol
                address.setAlignment(
Element.ALIGN_CENTER);
                                     
^
  symbol:   variable Element
  location: class XuatHoaDonPDF
src\ban_dien_thoai_nhiem_vu\controlle
r\XuatHoaDonPDF.java:47: error: 
cannot find symbol
                document.add(new Para
graph("------------------------------
----------------------------"));
                                 ^
  symbol:   class Paragraph
  location: class XuatHoaDonPDF
src\ban_dien_thoai_nhiem_vu\controlle
r\XuatHoaDonPDF.java:49: error: 
cannot find symbol
                Paragraph subTitle = 
new Paragraph("H╙A ??N THANH TO┴N", 
new Font(bf, 14, Font.BOLD));
                ^
  symbol:   class Paragraph
  location: class XuatHoaDonPDF
src\ban_dien_thoai_nhiem_vu\controlle
r\XuatHoaDonPDF.java:49: error: 
cannot find symbol
                Paragraph subTitle = 
new Paragraph("H╙A ??N THANH TO┴N", 
new Font(bf, 14, Font.BOLD));
                                     
    ^
  symbol:   class Paragraph
  location: class XuatHoaDonPDF
src\ban_dien_thoai_nhiem_vu\controlle
r\XuatHoaDonPDF.java:49: error: 
cannot find symbol
                Paragraph subTitle = 
new Paragraph("H╙A ??N THANH TO┴N", 
new Font(bf, 14, Font.BOLD));
                                     
                                     
   ^
  symbol:   class Font
  location: class XuatHoaDonPDF
src\ban_dien_thoai_nhiem_vu\controlle
r\XuatHoaDonPDF.java:49: error: 
cannot find symbol
                Paragraph subTitle = 
new Paragraph("H╙A ??N THANH TO┴N", 
new Font(bf, 14, Font.BOLD));
                                     
                                     
                ^
  symbol:   variable Font
  location: class XuatHoaDonPDF
src\ban_dien_thoai_nhiem_vu\controlle
r\XuatHoaDonPDF.java:50: error: 
cannot find symbol
                subTitle.setAlignment
(Element.ALIGN_CENTER);
                                     
 ^
  symbol:   variable Element
  location: class XuatHoaDonPDF
src\ban_dien_thoai_nhiem_vu\controlle
r\XuatHoaDonPDF.java:54: error: 
cannot find symbol
                document.add(new 
Paragraph("Mπ H?: " + maHD, 
fontThuong));
                                 ^
  symbol:   class Paragraph
  location: class XuatHoaDonPDF
src\ban_dien_thoai_nhiem_vu\controlle
r\XuatHoaDonPDF.java:55: error: 
cannot find symbol
                document.add(new 
Paragraph("Ngαy:  " + sdf.format(rsHD
.getTimestamp("ngayLap")), 
fontThuong));
                                 ^
  symbol:   class Paragraph
  location: class XuatHoaDonPDF
src\ban_dien_thoai_nhiem_vu\controlle
r\XuatHoaDonPDF.java:56: error: 
cannot find symbol
                document.add(new 
Paragraph("NV:    " + 
rsHD.getString("hoTen"), 
fontThuong));
                                 ^
  symbol:   class Paragraph
  location: class XuatHoaDonPDF
src\ban_dien_thoai_nhiem_vu\controlle
r\XuatHoaDonPDF.java:57: error: 
cannot find symbol
                document.add(new 
Paragraph("KH:    " + 
rsHD.getString("tenKhachHang"), 
fontThuong));
                                 ^
  symbol:   class Paragraph
  location: class XuatHoaDonPDF
src\ban_dien_thoai_nhiem_vu\controlle
r\XuatHoaDonPDF.java:58: error: 
cannot find symbol
                
document.add(Chunk.NEWLINE); // 
Xu?ng d≥ng
                             ^
  symbol:   variable Chunk
  location: class XuatHoaDonPDF
src\ban_dien_thoai_nhiem_vu\controlle
r\XuatHoaDonPDF.java:61: error: 
cannot find symbol
                PdfPTable table = 
new PdfPTable(4); // 4 C?t: TΩn, SL, 
Giß, Thαnh ti?n
                ^
  symbol:   class PdfPTable
  location: class XuatHoaDonPDF
src\ban_dien_thoai_nhiem_vu\controlle
r\XuatHoaDonPDF.java:61: error: 
cannot find symbol
                PdfPTable table = 
new PdfPTable(4); // 4 C?t: TΩn, SL, 
Giß, Thαnh ti?n
                                     
 ^
  symbol:   class PdfPTable
  location: class XuatHoaDonPDF
src\ban_dien_thoai_nhiem_vu\controlle
r\XuatHoaDonPDF.java:81: error: 
cannot find symbol
                    
table.addCell(new 
Phrase(rsCT.getString("tenSP"), 
fontThuong));
                                     
 ^
  symbol:   class Phrase
  location: class XuatHoaDonPDF
src\ban_dien_thoai_nhiem_vu\controlle
r\XuatHoaDonPDF.java:83: error: 
cannot find symbol
                    PdfPCell cellSL 
= new PdfPCell(new 
Phrase(rsCT.getString("soLuong"), 
fontThuong));
                    ^
  symbol:   class PdfPCell
  location: class XuatHoaDonPDF
src\ban_dien_thoai_nhiem_vu\controlle
r\XuatHoaDonPDF.java:83: error: 
cannot find symbol
                    PdfPCell cellSL 
= new PdfPCell(new 
Phrase(rsCT.getString("soLuong"), 
fontThuong));
                                     
     ^
  symbol:   class PdfPCell
  location: class XuatHoaDonPDF
src\ban_dien_thoai_nhiem_vu\controlle
r\XuatHoaDonPDF.java:83: error: 
cannot find symbol
                    PdfPCell cellSL 
= new PdfPCell(new 
Phrase(rsCT.getString("soLuong"), 
fontThuong));
                                     
                  ^
  symbol:   class Phrase
  location: class XuatHoaDonPDF
src\ban_dien_thoai_nhiem_vu\controlle
r\XuatHoaDonPDF.java:84: error: 
cannot find symbol
                    cellSL.setHorizon
talAlignment(Element.ALIGN_CENTER);
                                     
             ^
  symbol:   variable Element
  location: class XuatHoaDonPDF
src\ban_dien_thoai_nhiem_vu\controlle
r\XuatHoaDonPDF.java:87: error: 
cannot find symbol
                    PdfPCell cellGia 
= new PdfPCell(new Phrase(df.format(r
sCT.getDouble("donGia")), 
fontThuong));
                    ^
  symbol:   class PdfPCell
  location: class XuatHoaDonPDF
src\ban_dien_thoai_nhiem_vu\controlle
r\XuatHoaDonPDF.java:87: error: 
cannot find symbol
                    PdfPCell cellGia 
= new PdfPCell(new Phrase(df.format(r
sCT.getDouble("donGia")), 
fontThuong));
                                     
      ^
  symbol:   class PdfPCell
  location: class XuatHoaDonPDF
src\ban_dien_thoai_nhiem_vu\controlle
r\XuatHoaDonPDF.java:87: error: 
cannot find symbol
                    PdfPCell cellGia 
= new PdfPCell(new Phrase(df.format(r
sCT.getDouble("donGia")), 
fontThuong));
                                     
                   ^
  symbol:   class Phrase
  location: class XuatHoaDonPDF
src\ban_dien_thoai_nhiem_vu\controlle
r\XuatHoaDonPDF.java:88: error: 
cannot find symbol
                    cellGia.setHorizo
ntalAlignment(Element.ALIGN_RIGHT);
                                     
              ^
  symbol:   variable Element
  location: class XuatHoaDonPDF
src\ban_dien_thoai_nhiem_vu\controlle
r\XuatHoaDonPDF.java:91: error: 
cannot find symbol
                    PdfPCell 
cellThanhTien = new PdfPCell(new Phra
se(df.format(rsCT.getDouble("thanhTie
n")), fontThuong));
                    ^
  symbol:   class PdfPCell
  location: class XuatHoaDonPDF
src\ban_dien_thoai_nhiem_vu\controlle
r\XuatHoaDonPDF.java:91: error: 
cannot find symbol
                    PdfPCell 
cellThanhTien = new PdfPCell(new Phra
se(df.format(rsCT.getDouble("thanhTie
n")), fontThuong));
                                     
            ^
  symbol:   class PdfPCell
  location: class XuatHoaDonPDF
src\ban_dien_thoai_nhiem_vu\controlle
r\XuatHoaDonPDF.java:91: error: 
cannot find symbol
                    PdfPCell 
cellThanhTien = new PdfPCell(new Phra
se(df.format(rsCT.getDouble("thanhTie
n")), fontThuong));
                                     
                         ^
  symbol:   class Phrase
  location: class XuatHoaDonPDF
src\ban_dien_thoai_nhiem_vu\controlle
r\XuatHoaDonPDF.java:92: error: 
cannot find symbol
                    cellThanhTien.set
HorizontalAlignment(Element.ALIGN_RIG
HT);
                                     
                    ^
  symbol:   variable Element
  location: class XuatHoaDonPDF
src\ban_dien_thoai_nhiem_vu\controlle
r\XuatHoaDonPDF.java:98: error: 
cannot find symbol
                
document.add(Chunk.NEWLINE);
                             ^
  symbol:   variable Chunk
  location: class XuatHoaDonPDF
src\ban_dien_thoai_nhiem_vu\controlle
r\XuatHoaDonPDF.java:99: error: 
cannot find symbol
                Paragraph pTong = 
new Paragraph("T?NG C?NG: " + 
df.format(tongTien) + " VN?", 
fontDam);
                ^
  symbol:   class Paragraph
  location: class XuatHoaDonPDF
src\ban_dien_thoai_nhiem_vu\controlle
r\XuatHoaDonPDF.java:99: error: 
cannot find symbol
                Paragraph pTong = 
new Paragraph("T?NG C?NG: " + 
df.format(tongTien) + " VN?", 
fontDam);
                                     
 ^
  symbol:   class Paragraph
  location: class XuatHoaDonPDF
src\ban_dien_thoai_nhiem_vu\controlle
r\XuatHoaDonPDF.java:100: error: 
cannot find symbol
                pTong.setAlignment(El
ement.ALIGN_RIGHT);
                                   ^
  symbol:   variable Element
  location: class XuatHoaDonPDF
src\ban_dien_thoai_nhiem_vu\controlle
r\XuatHoaDonPDF.java:103: error: 
cannot find symbol
                Paragraph pCamOn = 
new Paragraph("C?m ?n qu² khßch vα 
h?n g?p l?i!", new Font(bf, 10, 
Font.ITALIC));
                ^
  symbol:   class Paragraph
  location: class XuatHoaDonPDF
src\ban_dien_thoai_nhiem_vu\controlle
r\XuatHoaDonPDF.java:103: error: 
cannot find symbol
                Paragraph pCamOn = 
new Paragraph("C?m ?n qu² khßch vα 
h?n g?p l?i!", new Font(bf, 10, 
Font.ITALIC));
                                     
  ^
  symbol:   class Paragraph
  location: class XuatHoaDonPDF
src\ban_dien_thoai_nhiem_vu\controlle
r\XuatHoaDonPDF.java:103: error: 
cannot find symbol
                Paragraph pCamOn = 
new Paragraph("C?m ?n qu² khßch vα 
h?n g?p l?i!", new Font(bf, 10, 
Font.ITALIC));
                                     
                                     
               ^
  symbol:   class Font
  location: class XuatHoaDonPDF
src\ban_dien_thoai_nhiem_vu\controlle
r\XuatHoaDonPDF.java:103: error: 
cannot find symbol
                Paragraph pCamOn = 
new Paragraph("C?m ?n qu² khßch vα 
h?n g?p l?i!", new Font(bf, 10, 
Font.ITALIC));
                                     
                                     
                            ^
  symbol:   variable Font
  location: class XuatHoaDonPDF
src\ban_dien_thoai_nhiem_vu\controlle
r\XuatHoaDonPDF.java:104: error: 
cannot find symbol
                pCamOn.setAlignment(E
lement.ALIGN_CENTER);
                                    ^
  symbol:   variable Element
  location: class XuatHoaDonPDF
src\ban_dien_thoai_nhiem_vu\controlle
r\XuatHoaDonPDF.java:128: error: 
cannot find symbol
        PdfPCell cell = new 
PdfPCell(new Phrase(name, font));
        ^
  symbol:   class PdfPCell
  location: class XuatHoaDonPDF
src\ban_dien_thoai_nhiem_vu\controlle
r\XuatHoaDonPDF.java:128: error: 
cannot find symbol
        PdfPCell cell = new 
PdfPCell(new Phrase(name, font));
                            ^
  symbol:   class PdfPCell
  location: class XuatHoaDonPDF
src\ban_dien_thoai_nhiem_vu\controlle
r\XuatHoaDonPDF.java:128: error: 
cannot find symbol
        PdfPCell cell = new 
PdfPCell(new Phrase(name, font));
                                     
    ^
  symbol:   class Phrase
  location: class XuatHoaDonPDF
src\ban_dien_thoai_nhiem_vu\controlle
r\XuatHoaDonPDF.java:129: error: 
cannot find symbol
        cell.setHorizontalAlignment(E
lement.ALIGN_CENTER);
                                    ^
  symbol:   variable Element
  location: class XuatHoaDonPDF
src\ban_dien_thoai_nhiem_vu\controlle
r\XuatHoaDonPDF.java:130: error: 
cannot find symbol
        cell.setBackgroundColor(BaseC
olor.LIGHT_GRAY);
                                ^
  symbol:   variable BaseColor
  location: class XuatHoaDonPDF
Note: src\ban_dien_thoai_nhiem_vu\vie
w\QRCodeDialog.java uses or 
overrides a deprecated API.
Note: Recompile with 
-Xlint:deprecation for details.
97 errors
